[pgi.billdesk.com/pgidsk/ProcessPayment;jsessionid=0000DTnU4GsIraiuc3U_W_DAmil_17lenr4ap64a3.html]
[backblue.gif]
[fade.gif]
[index.html]
[pgi.billdesk.com/pgmerc/bdqp/resources/style/billdesk.min4963.css]
[pgi.billdesk.com/pgmerc/bdqp/resources/scripts/lib/billdesk.min.js]
[pgi.billdesk.com/pgmerc/pgimages/images/Kerala_Logo.png]
[pgi.billdesk.com/pgmerc/bdqp/resources/images/visa-banner.png]
[pgi.billdesk.com/pgmerc/bdqp/resources/images/vmc.png]
[pgi.billdesk.com/pgmerc/pgimages/images/banklogo/aec.png]
[pgi.billdesk.com/pgmerc/bdqp/resources/images/debitvisamaster.png]
[pgi.billdesk.com/pgmerc/bdqp/resources/images/debitrupay.png]
[pgi.billdesk.com/pgmerc/pgimages/images/banklogo/uti.gif]
[pgi.billdesk.com/pgmerc/pgimages/images/banklogo/hdf.gif]
[pgi.billdesk.com/pgmerc/pgimages/images/banklogo/ici.gif]
[pgi.billdesk.com/pgmerc/pgimages/images/banklogo/162.gif]
[pgi.billdesk.com/pgmerc/pgimages/images/banklogo/sbi.gif]
[pgi.billdesk.com/pgmerc/bdqp/resources/images/billdesk-logo.png]
[pgi.billdesk.com/pgidsk/ProcessPayment;jsessionid=0000DTnU4GsIraiuc3U_W_DAmil_17lenr4ap64a3.html]
[pgi.billdesk.com/pgmerc/bdqp/resources/scripts/BDCommone7f0.js]
[pgi.billdesk.com/pgmerc/bdqp/resources/images/icon_qp.png]
[pgi.billdesk.com/pgmerc/bdqp/resources/images/cardtype.png]
[pgi.billdesk.com/pgmerc/bdqp/resources/images/loading.gif]
[pgi.billdesk.com/pgmerc/bdqp/resources/img/ajax-loader1.gif]
[pgi.billdesk.com/pgmerc/bdqp/resources/img/blur-background09.jpg]
[pgi.billdesk.com/pgmerc/bdqp/resources/images/btn-bd-icon.png]
[pgi.billdesk.com/pgmerc/bdqp/resources/images/qp-paynow.png]
[pgi.billdesk.com/pgmerc/bdqp/resources/style/billdesk.min4963.css]
[pgi.billdesk.com/pgmerc/merchantui/billdeskui.css]
[pgi.billdesk.com/pgmerc/bdqp/resources/scripts/lib/billdesk.min.js]
[pgi.billdesk.com/pgmerc/bdqp/resources/style/embed.css]
[pgi.billdesk.com/pgmerc/bdqp/resources/scripts/lib/MasterPass.client.js]
[pgi.billdesk.com/pgmerc/storecard/resources/images/demo/qp_screen.jpg]
[pgi.billdesk.com/pgmerc/storecard/resources/images/demo/savecard_screen.jpg]
[pgi.billdesk.com/pgmerc/bdqp/resources/images/tick.png]
[pgi.billdesk.com/pgmerc/bdqp/resources/scripts/BDCommone7f0.js]
[pgi.billdesk.com/pgmerc/bdqp/resources/img/ajax-loader1.html]
[pgi.billdesk.com/pgmerc/bdqp/resources/img/blur-background09.html]
[pgi.billdesk.com/pgmerc/bdqp/resources/style/embed.css]
[masterpass.com/lightbox/version65/Switch/integration/MasterPass.checkout.png]
[masterpass.com/lightbox/version65/Switch/integration/MasterPass.connect.png]
[masterpass.com/lightbox/version65/Switch/assets/js/MasterPass.omniture.js]
[masterpass.com/lightbox/version65/Switch/integration/MasterPass.client.css]
[pgi.billdesk.com/pgmerc/bdqp/resources/scripts/lib/MasterPass.client.js]
[pgi.billdesk.com/pgmerc/storecard/resources/images/demo/qp_screen.html]
[pgi.billdesk.com/pgmerc/storecard/resources/images/demo/savecard_screen.html]
[masterpass.com/lightbox/version65/Switch/integration/MasterPass.client.css]
